54
2 9 11 14 16 17 18 20 22 23 24 26 29 30 31 32 33 34 37 38 40 41 42 45 48 49 50 51 53 54 55 56 57 58 62 63 65 66 67 68 69 70 71 73 74 75 76 77 79 80 81 82 84 85 