55
1 7 12 13 14 21 22 23 24 25 26 27 32 33 35 37 38 40 41 42 43 45 47 49 50 51 53 54 55 59 60 61 63 64 66 69 71 72 76 79 80 81 83 85 86 88 89 90 92 93 94 95 96 97 98 