52
10 20 21 22 24 25 26 31 32 33 34 37 38 41 43 44 45 48 50 51 52 53 55 58 59 60 64 65 66 68 69 70 71 72 73 74 75 76 77 78 79 81 82 84 85 86 88 89 90 91 92 94 