56
1 4 6 12 15 16 17 19 23 26 29 30 31 32 33 34 37 40 41 42 43 44 46 47 48 49 50 52 53 54 58 60 61 62 63 64 65 66 67 68 69 71 72 73 74 75 76 77 78 79 80 81 82 84 85 86 