54
7 11 12 13 15 18 20 22 23 24 25 26 27 29 30 31 39 40 41 42 43 47 48 51 52 54 55 57 58 61 63 64 65 66 68 72 73 74 77 78 79 80 81 82 83 84 85 86 88 89 92 96 98 99 