57
4 5 10 11 12 16 20 21 22 24 25 26 27 28 29 30 33 36 37 39 40 42 43 46 48 50 53 54 57 60 63 64 65 66 67 68 71 75 76 77 78 79 80 81 82 83 84 87 88 89 90 91 94 96 97 98 99 