48
2 3 4 5 10 16 17 18 20 21 22 26 28 29 31 34 35 36 38 43 45 46 48 50 51 52 54 55 56 61 64 65 66 67 68 71 74 75 76 78 81 82 83 86 87 88 89 91 