73
1 4 8 13 18 19 20 21 22 23 24 25 26 27 28 29 30 33 34 35 37 38 39 40 41 42 43 46 48 49 50 54 55 56 57 58 62 63 64 65 66 67 68 69 70 71 72 73 74 75 76 77 78 79 80 81 83 84 85 86 87 88 89 90 91 92 93 94 96 97 98 99 100 