53
2 8 11 13 15 16 17 20 21 23 24 25 27 28 29 31 34 35 36 37 38 41 46 47 48 49 51 52 54 55 56 58 60 61 63 64 65 66 67 68 69 70 73 76 77 78 79 80 81 82 85 86 87 