50
1 3 5 10 11 12 13 14 15 18 20 21 22 23 25 27 28 29 32 33 34 35 36 40 41 42 44 45 51 54 55 56 57 58 59 60 61 65 68 69 70 71 72 73 75 78 80 81 82 83 