38
2 3 8 10 13 15 19 20 23 25 26 32 34 37 38 39 40 42 43 44 46 47 51 53 54 55 56 57 58 61 62 66 67 68 72 73 77 79 