64
1 6 8 9 11 12 14 16 17 18 19 21 25 26 27 28 29 31 32 33 38 39 40 41 46 47 49 50 51 53 54 56 57 58 59 60 63 64 65 66 67 69 71 72 73 75 76 77 78 79 80 81 82 83 84 85 86 87 88 89 90 91 92 93 