59
1 3 5 7 9 10 11 12 13 17 22 24 25 26 27 28 31 32 33 35 36 40 42 44 46 47 48 49 51 52 53 54 55 57 58 61 62 63 64 66 67 69 71 72 73 74 75 78 79 80 81 82 83 84 85 86 87 88 89 