47
8 9 14 15 20 21 23 24 26 28 29 31 34 35 36 37 38 39 40 42 45 46 47 48 49 50 52 54 58 62 63 64 66 67 68 69 70 74 75 76 77 78 79 80 83 84 85 