43
5 7 10 11 13 16 17 18 19 20 22 23 24 26 27 28 29 30 31 40 41 42 43 44 45 47 51 52 53 55 56 58 60 61 63 64 68 71 72 73 75 77 79 