53
2 5 6 7 8 9 13 14 15 16 17 18 20 21 27 28 33 37 38 39 40 42 43 49 51 52 53 54 55 58 60 61 63 66 67 68 69 71 72 74 75 77 80 83 85 86 87 88 90 91 92 93 94 